// Jest Snapshot v1, https://goo.gl/fbAQLP

exports[`GIVEN the EmployeesList component WHEN the array has items THEN the list should display employees 1`] = `
<ul
  className="MuiList-root MuiList-padding css-1mcnwpj-MuiList-root"
>
  <a
    className="MuiButtonBase-root MuiListItemButton-root MuiListItemButton-gutters MuiListItemButton-root MuiListItemButton-gutters css-16ac5r2-MuiButtonBase-root-MuiListItemButton-root"
    href="/employee/some@email.com"
    onBlur={[Function]}
    onContextMenu={[Function]}
    onDragLeave={[Function]}
    onFocus={[Function]}
    onKeyDown={[Function]}
    onKeyUp={[Function]}
    onMouseDown={[Function]}
    onMouseLeave={[Function]}
    onMouseUp={[Function]}
    onTouchEnd={[Function]}
    onTouchMove={[Function]}
    onTouchStart={[Function]}
    tabIndex={0}
  >
    <div
      className="MuiListItemAvatar-root css-1e9lk82-MuiListItemAvatar-root"
    >
      <div
        className="MuiAvatar-root MuiAvatar-circular MuiAvatar-colorDefault css-2s90m6-MuiAvatar-root"
      >
        <img
          alt="John"
          data-nimg="1"
          decoding="async"
          height={75}
          loading="lazy"
          onError={[Function]}
          onLoad={[Function]}
          src="/_next/image?url=%2Fsomeurl.jpg&w=256&q=75"
          srcSet="/_next/image?url=%2Fsomeurl.jpg&w=96&q=75 1x, /_next/image?url=%2Fsomeurl.jpg&w=256&q=75 2x"
          style={
            {
              "color": "transparent",
            }
          }
          width={75}
        />
      </div>
    </div>
    <div
      className="MuiListItemText-root MuiListItemText-multiline css-konndc-MuiListItemText-root"
    >
      <span
        className="MuiTypography-root MuiTypography-body1 MuiListItemText-primary css-10hburv-MuiTypography-root"
      >
        John
      </span>
      <p
        className="MuiTypography-root MuiTypography-body2 MuiListItemText-secondary css-83ijpv-MuiTypography-root"
      >
        some@email.com
      </p>
    </div>
  </a>
</ul>
`;

exports[`GIVEN the EmployeesList component WHEN the array is empty THEN the list should display empty 1`] = `
<ul
  className="MuiList-root MuiList-padding css-1mcnwpj-MuiList-root"
/>
`;
